a080 0114 8008 18a0 8001 15a0 8001 1480 
0008 a001 342d a080 0014 8009 18a0 8000 
15a0 8001 1480 ff18 a080 0115 a080 0114 
a001 0b2d a080 0014 8018 17a0 8001 1480 
0418 a080 0115 a080 0114 8000 08a0 016f 
2da0 8000 1480 0718 a080 0015 a080 0114 
80ff 18a0 8001 15a0 8001 14a0 0146 2da0 
8000 1480 0118 a080 0015 a080 0014 8018 
17a0 8000 1480 0718 a080 0015 a080 0014 
8018 17a0 8000 1480 1817 a080 0014 8003 
18a0 8000 15a0 8000 1480 1817 a080 0214 
8006 18a0 8002 15a0 8002 1480 0008 a001 
e02d a080 0114 8007 18a0 8001 15a0 8002 
1480 ff18 a080 0215 a080 0214 a001 b72d 
a080 0114 8002 18a0 8001 15a0 8001 1480 
1817 a080 0114 80f4 18a0 8001 15a0 8001 
1480 1817 a080 0214 8006 18a0 8002 15a0 
8002 1480 0008 a002 382d a080 0114 8009 
18a0 8001 15a0 8002 1480 ff18 a080 0215 
a080 0214 a002 0f2d a080 0114 8001 18a0 
8001 15a0 8001 1480 1817 a080 0014 8018 
17a0 8000 1480 0318 a080 0015 a080 0014 
8018 17a0 8000 1480 fa18 a080 0015 a080 
0014 8018 17a0 8000 1480 f818 a080 0015 
a080 0014 8018 17a0 8003 1480 0418 a080 
0315 a080 0314 8000 08a0 02bb 2da0 8002 
1480 0818 a080 0215 a080 0314 80ff 18a0 
8003 15a0 8003 14a0 0292 2da0 8002 1480 
0118 a080 0215 a080 0214 8018 1700 