QQQQQQQQQQQQQQQQQQQQQQQQQQ888888888888888888888888888888888888888888888888888888888880X000888888
QQQQQQQQQQQQQQQQQQQQQQQQQ888888888888888888888888888888888888888888888888888888888888800XX088888
QQQQQQQQQQQQQQQQQQQQQQQQ8888888888888888888888888888888888888888888888888888888888888888CIT0X888
QQQQQQQQQQQQQQQQQQQQQQQ888888888888888888888888888888888888888888888888888888888888888888X00CX88
QQQQQQQQQQQQQQQQQQQQQ8888888888888888888888888880088888888888888888888888888888888888888888X0008
QQQQQQQQQQQQQQQQQQQQ88888888888888888880TXXX000000000000000088888888888888888888888888888888XTCX
QQQQQQQQQQQQQQQQQQQ8888888888888800000XXT0000000000000000000000088888888888888888888888888888000
QQQQQQQQQQQQQQQQQQ888888888888800000XC0000000000000000000000000000008888888888888888888888888800
QQQQQQQQQQQQQQQQQ8888888888T00000XXC0000000000000000XXXXXCCCXXXX0000008888888888888888888888888C
QQQQQQQQQQQQQQQQ888888888X00000XXX00000000000000XCXXXXCCTlICCCXXXXC00000888888888888888888888888
QQQQQQQQQQQQQQQQ8888888C00000XXX0000000000000XXXXXXXXXCCT1:ITTTXXXXCX000008888888888888888888888
QQQQQQQQQQQQQQQ88888880000000X000000000000000XIXXXXXXTCCTI!'l!!TXXXXXCX0000008888888888888888888
QQQQQQQQQQQQQQ888888000000XCX00000000000000XXXXXXXXXCCCTIi! ^!ITCXXXXXC0000008888888888888888888
QQQQQQQQQQQQQQ8888800000CIC00000000000000XCCXXXXXXXCCCCI11i' 1I1CCTXXXXC000000088888888888888888
QQQQQQQQQQQQQ888800000CXX000000000000000TXXXXXXXXCCCCCT:;i.  l11CCCCXXXXXI0000008888888888888888
QQQQQQQQQQQQ88880000XXT000000000000000CXXXXXXXXXCCCITT1"'    .'!TTCCClXXXX0000000088888888888888
QQQQQQQQQQQQ888000XXT000000000000000XXXXXXXXXXCCTTTTII1:       !ITTCCCCIXXX000000008888888888888
QQQQQQQQQQQ88800XCX0000000000000000XXXXXXXXXCCTTTTTII1l;       i1IITTTTICCXX00000000888888888888
QQQQQQQQQQQ8800XC0000000000000000XXXXXXXXCCCT l!!111il!;^      il1!1ITTI"ICXX0000000888888888888
QQQQQQQQQQ880XX0000000000000000XXXXXXXTCCCCTI!,  :ii '           " i111l,lTCX0000000X88888888888
QQQQQQQQQQ88000000000000000000XXXXXXCTCCCCTTIl;,                   ';i ..,ICXX0000000X8888888888
QQQQQQQQQQ8X0000000000000000XXX1CICCCCCCTTTIll,                          :TCCXX0000000X888888888
QQQQQQQQQ80000000000000000XXXCCCCCCCCCCTTTI1!i;'                        '1TCCXX0000000X088888888
QQQQQQQQQ80000000000000XXXXCICCCCCCCCCTTTT1'''                          !IIICXXX0000000088888888
QQQQQQQQQ80000000000XXXXCCT'lTTTTTTTTTIIIIli                             1ITCXXX0000000X08888888
QQQQQQQQQ0000000CXXXXXXCClT; 1III!.1IIIII1! '                            ,!"TXXX0000000X08888888
QQQQQQQQ80000XXCXXXXXCTCCTI1,"^ii;^,l,111li                                lTXXX0000000X08888888
QQQQQQQQ000CXXXXXXXXITCCTTI1l. ^ "  ,:!ll!^                               lITCXXX000000000888888
QQQQQQQQ00XXCXXXXXCCCCCCTII1i,         ;;;                                ;ITXXXX0000000X0888888
QQQQQQQQ0XXXXXXXXCCCCCCT1I!^;           ."                                 ICXXXX0000000X0888888
QQQQQQQQCXXXXXXXCCCTTII^!!;;                                              1TCXXXXC000000X0888888
QQQQQQQ8XXXXXXCTTTTTII:i^':^'                                            "ITCTXXXT000000X0888888
QQQQQQQ8CCTTIl1IIll1lii                                                  1T1CTXXXC000000XX888888
QQQQQQQ                                                                ilITICTXXXC000000CC088888
QQQQQQQ0CCTT1I!III111i;,:                                              ;lIT1CTXXXC000000XX088888
QQQQQQQ8XXXXXXCTTTTTIIIl.,                                               1TTCTXXXC000000XC888888
QQQQQQQQ1XXXXXXXCCTITIIl;i!i                                              1TCCXXXC000000XX888888
QQQQQQQQ0XXXXXXXXCCCCCCT111i;                                             ;TCTXXXC000000X0888888
QQQQQQQQ00XXCXXXXXCTCCCCTTIl!^           ^"                                ,TCXXX0000000X0888888
QQQQQQQQ800CXXXXXXXXCICCCTIIli       .  ii^                               !1TCXXX0000000X0888888
QQQQQQQQ80000XXXXXXXXCTCCCTl!:i !i'  i:ll!;,                              ,1TCXXX000000000888888
QQQQQQQQ80000000XXXXXXXCCCT1 11I1l i!III1l;                               . ICXX0000000X08888888
QQQQQQQQQ80000000000XXXXXCTI"TITTI1IIIIII11!:                            ;! TCXX0000000X08888888
QQQQQQQQQ800000000000000XXXCTTIICCCCTTTT1II:                             lITCTXX0000000X88888888
QQQQQQQQQ80000000000000000XXXCCCCCCCCCCTTTT1!:                           iITCXX0000000X088888888
QQQQQQQQQQ8X0000000000000000XXXTCCCCCCCCITTIlli,                          TCCXX0000000C888888888
QQQQQQQQQQ8800000000000000000XXXXXXCICCCCITTI1^                     '    "1CCXX0000001T888888888
QQQQQQQQQQ888XX00000000000000000XXXXXCCCCCCT1:     ;                il !;"!CXX0000000X8888888888
QQQQQQQQQQ88800C00000000000000000XXXXXXXTCCCTl.  !ll "':         i ^1IIIl'CCX0000000X88888888888
QQQQQQQQQQQ88800XXX0000000000000000XXXXXXXXCCCTIIIIIIlli       :!11ITTTTTCXXX0000000888888888888
QQQQQQQQQQQQ888000CXT000000000000000XXXXXXXXXCCITTTTII1'        1ITTICCCCXXX00000000888888888888
QQQQQQQQQQQQ88880000XXX000000000000000IXXXXXXXXXCCITTIl;        IITCCCCXXXX000000088888888888888
QQQQQQQQQQQQQ888880000XXX00000000000000TCXXXXXXXXCCCCTIl ;   "i,ICCCICXXXX0000000888888888888888
QQQQQQQQQQQQQ88888800000XCX00000000000000XCXXXXXXXCCCCCI1li  i11TCCTXXXXXC0000008888888888888888
QQQQQQQQQQQQQQ888888000000XXX0000000000000XXCXXXXXXXCCCTlIl; !IITCXXXXXXX00000888888888888888888
QQQQQQQQQQQQQQQ88888880000000X00000000000000XCTXXXXXCCCTT1;;ll:TXXXXXCX0000008888888888888888888
QQQQQQQQQQQQQQQQ8888888000000XXX0000000000000XXXXXXXXCCCTI !II1CXXXXCX00000088888888888888888888
QQQQQQQQQQQQQQQQ888888888000000XXX00000000000000XCXXXXXCTIlTTCCXXXXC0000008888888888888888888888
QQQQQQQQQQQQQQQQQ8888888888C00000XCC000000000000000CXXXXCTTCIXXXXI000008888888888888888888888888
QQQQQQQQQQQQQQQQQQ88888888888800000XXX00000000000000000XXXXXXXX000000888888888888888888888888880
QQQQQQQQQQQQQQQQQQQ888888888888880000XXC000000000000000000000000008888888888888888888888888888CX
QQQQQQQQQQQQQQQQQQQQ88888888888888888000CXX0000000000000000000888888888888888888888888888888800X
QQQQQQQQQQQQQQQQQQQQQ888888888888888888888888X000000000888888888888888888888888888888888888C0000
QQQQQQQQQQQQQQQQQQQQQQ8888888888888888888888888888888888888888888888888888888888888888888800XC88
QQQQQQQQQQQQQQQQQQQQQQQ888888888888888888888888888888888888888888888888888888888888888888XT00888
QQQQQQQQQQQQQQQQQQQQQQQQQ888888888888888888888888888888888888888888888888888888888888880IX008888
